ESP-ROM:esp32s3-20210327
Build:Mar 27 2021
rst:0x1 (POWERON),boot:0x8 (SPI_FAST_FLASH_BOOT)
SPIWP:0xee
mode:DIO, clock div:1
load:0x3fce3818,len:0x1784
load:0x403c9700,len:0x4
load:0x403c9704,len:0xc50
load:0x403cc700,len:0x2eb0
entry 0x403c9918
[0;32mI (22) HOOK: This hook is called BEFORE bootloader initialization[0m
[0;32mI (33) boot: ESP-IDF v5.1.1-dirty 2nd stage bootloader[0m
[0;32mI (34) boot: compile time Dec  4 2023 19:24:27[0m
[0;32mI (34) boot: Multicore bootloader[0m
[0;32mI (37) boot: chip revision: v0.1[0m
[0;32mI (41) boot.esp32s3: Boot SPI Speed : 80MHz[0m
[0;32mI (46) boot.esp32s3: SPI Mode       : DIO[0m
[0;32mI (51) boot.esp32s3: SPI Flash Size : 8MB[0m
[0;32mI (55) boot: Enabling RNG early entropy source...[0m
[0;32mI (61) HOOK: This hook is called AFTER bootloader initialization[0m
[0;32mI (67) boot: Partition Table:[0m
[0;32mI (71) boot: ## Label            Usage          Type ST Offset   Length[0m
[0;32mI (78) boot:  0 nvs              WiFi data        01 02 00009000 00006000[0m
[0;32mI (86) boot:  1 phy_init         RF data          01 01 0000f000 00001000[0m
[0;32mI (93) boot:  2 factory          factory app      00 00 00010000 00400000[0m
[0;32mI (101) boot:  3 storage          Unknown data     01 82 00410000 000f0000[0m
[0;32mI (108) boot: End of partition table[0m
[0;32mI (113) esp_image: segment 0: paddr=00010020 vaddr=3c100020 size=4550ch (283916) map[0m
[0;32mI (172) esp_image: segment 1: paddr=00055534 vaddr=3fc9b800 size=048d4h ( 18644) load[0m
[0;32mI (176) esp_image: segment 2: paddr=00059e10 vaddr=40374000 size=06208h ( 25096) load[0m
[0;32mI (183) esp_image: segment 3: paddr=00060020 vaddr=42000020 size=fd0d8h (1036504) map[0m
[0;32mI (372) esp_image: segment 4: paddr=0015d100 vaddr=4037a208 size=115c8h ( 71112) load[0m
[0;32mI (398) boot: Loaded app from partition at offset 0x10000[0m
[0;32mI (398) boot: Disabling RNG early entropy source...[0m
[0;32mI (409) cpu_start: Multicore app[0m
[0;32mI (410) octal_psram: vendor id    : 0x0d (AP)[0m
[0;32mI (410) octal_psram: dev id       : 0x02 (generation 3)[0m
[0;32mI (413) octal_psram: density      : 0x03 (64 Mbit)[0m
[0;32mI (418) octal_psram: good-die     : 0x01 (Pass)[0m
[0;32mI (424) octal_psram: Latency      : 0x01 (Fixed)[0m
[0;32mI (429) octal_psram: VCC          : 0x01 (3V)[0m
[0;32mI (434) octal_psram: SRF          : 0x01 (Fast Refresh)[0m
[0;32mI (440) octal_psram: BurstType    : 0x01 (Hybrid Wrap)[0m
[0;32mI (446) octal_psram: BurstLen     : 0x01 (32 Byte)[0m
[0;32mI (451) octal_psram: Readlatency  : 0x02 (10 cycles@Fixed)[0m
[0;32mI (457) octal_psram: DriveStrength: 0x00 (1/1)[0m
[0;32mI (463) MSPI Timing: PSRAM timing tuning index: 5[0m
[0;32mI (468) esp_psram: Found 8MB PSRAM device[0m
[0;32mI (473) esp_psram: Speed: 80MHz[0m
[0;32mI (477) cpu_start: Pro cpu up.[0m
[0;32mI (480) cpu_start: Starting app cpu, entry point is 0x4037590c[0m
[0;32mI (0) cpu_start: App cpu up.[0m
[0;32mI (939) esp_psram: SPI SRAM memory test OK[0m
[0;32mI (948) cpu_start: Pro cpu start user code[0m
[0;32mI (948) cpu_start: cpu freq: 240000000 Hz[0m
[0;32mI (948) cpu_start: Application information:[0m
[0;32mI (951) cpu_start: Project name:     Application[0m
[0;32mI (957) cpu_start: App version:      1[0m
[0;32mI (961) cpu_start: Compile time:     Dec 13 2023 22:25:28[0m
[0;32mI (967) cpu_start: ELF file SHA256:  43fceea2e63e8795...[0m
[0;32mI (973) cpu_start: ESP-IDF:          v5.1.1-dirty[0m
[0;32mI (979) cpu_start: Min chip rev:     v0.0[0m
[0;32mI (983) cpu_start: Max chip rev:     v0.99 [0m
[0;32mI (988) cpu_start: Chip rev:         v0.1[0m
[0;32mI (993) heap_init: Initializing. RAM available for dynamic allocation:[0m
[0;32mI (1000) heap_init: At 3FCA5CE8 len 00043A28 (270 KiB): DRAM[0m
[0;32mI (1006) heap_init: At 3FCE9710 len 00005724 (21 KiB): STACK/DRAM[0m
[0;32mI (1013) heap_init: At 3FCF0000 len 00008000 (32 KiB): DRAM[0m
[0;32mI (1019) heap_init: At 600FE010 len 00001FD8 (7 KiB): RTCRAM[0m
[0;32mI (1026) esp_psram: Adding pool of 8192K of PSRAM memory to heap allocator[0m
[0;32mI (1034) spi_flash: detected chip: gd[0m
[0;32mI (1038) spi_flash: flash io: dio[0m
[0;33mW (1042) spi_flash: Detected size(16384k) larger than the size in the binary image header(8192k). Using the size in the binary image header.[0m
[0;32mI (1057) sleep: Configure to isolate all GPIO pins in sleep state[0m
[0;32mI (1062) sleep: Enable automatic switching of GPIO sleep configuration[0m
[0;32mI (1069) app_start: Starting scheduler on CPU0[0m
[0;32mI (1074) app_start: Starting scheduler on CPU1[0m
[0;32mI (1074) main_task: Started on CPU0[0m
[0;32mI (1084) esp_psram: Reserving pool of 32K of internal memory for DMA/internal allocations[0m
[0;32mI (1092) main_task: Calling app_main()[0m
sample without isobus!
This is esp32s3 chip with 2 CPU core(s), WiFi/BLE, silicon revision v0.1, 8MB external flash
Minimum free heap size: 8666980 bytes
CONFIG_FREERTOS_HZ: 1000 must be 1000 !!!! (200Hz at least for 5ms )
app_main starting 
[0;32mI (1132) wifi softAP: ESP_WIFI_MODE_AP[0m
[0;32mI (1134) pp: pp rom version: e7ae62f[0m
[0;32mI (1134) net80211: net80211 rom version: e7ae62f[0m
I (1136) wifi:wifi driver task: 3fcb8318, prio:23, stack:3584, core=0
I (1147) wifi:wifi firmware version: ce9244d
I (1148) wifi:wifi certification version: v7.0
I (1149) wifi:config NVS flash: enabled
I (1153) wifi:config nano formating: disabled
I (1157) wifi:Init data frame dynamic rx buffer num: 32
I (1162) wifi:Init management frame dynamic rx buffer num: 32
I (1167) wifi:Init management short buffer num: 32
I (1172) wifi:Init static tx buffer num: 16
I (1176) wifi:Init tx cache buffer num: 32
I (1180) wifi:Init static tx FG buffer num: 2
I (1184) wifi:Init static rx buffer size: 1600
I (1188) wifi:Init static rx buffer num: 10
I (1192) wifi:Init dynamic rx buffer num: 32
[0;32mI (1196) wifi_init: rx ba win: 6[0m
[0;32mI (1200) wifi_init: tcpip mbox: 32[0m
[0;32mI (1204) wifi_init: udp mbox: 6[0m
[0;32mI (1207) wifi_init: tcp mbox: 6[0m
[0;32mI (1211) wifi_init: tcp tx win: 5744[0m
[0;32mI (1216) wifi_init: tcp rx win: 5744[0m
[0;32mI (1220) wifi_init: tcp mss: 1440[0m
[0;32mI (1224) wifi_init: WiFi IRAM OP enabled[0m
[0;32mI (1228) wifi_init: WiFi RX IRAM OP enabled[0m
[0;32mI (1233) wifi_init: LWIP IRAM OP enabled[0m
[0;32mI (1242) phy_init: phy_version 601,98f2a71,Jun 29 2023,09:58:12[0m
I (1277) wifi:mode : softAP (34:85:18:99:fd:7d)
I (1281) wifi:Total power save buffer number: 8
I (1281) wifi:Init max length of beacon: 752/752
I (1282) wifi:Init max length of beacon: 752/752
[0;32mI (1285) wifi softAP: wifi_init_softap finished. SSID:ESP32_SmartHome password:*sm@rtH0m3* channel:1[0m
[0;32mI (1285) esp_netif_lwip: DHCP server started on interface WIFI_AP_DEF with IP: 192.168.4.1[0m
[0;32mI (1303) example_mount: Initializing SPIFFS[0m
[0;32mI (1365) example_mount: Partition size: total: 896321, used: 0[0m
[0;32mI (1365) file_server: Starting HTTP Server on port: '80'[0m
[0;32mI (1368) example: File server started[0m
[0;32mI (1371) MAIN: Executing forte...[0m
INFO: T#321000000: Using provided bootfile location set in CMake: /data/test_FORTE_PC.fboot
INFO: T#322000000: FORTE is up and running
[0;32mI (1397) MAIN: OK 0 , Could start forte
[0m
INFO: T#347000000: Boot file /data/test_FORTE_PC.fboot could not be opened. Skipping...
INFO: T#348000000: CBSDSocketInterface: Opening TCP-Server connection at: localhost:61499
forte_main done 
[0;32mI (3371) main_task: Returned from app_main()[0m
ESP-ROM:esp32s3-20210327
Build:Mar 27 2021
rst:0x1 (POWERON),boot:0x8 (SPI_FAST_FLASH_BOOT)
SPIWP:0xee
mode:DIO, clock div:1
load:0x3fce3818,len:0x1784
load:0x403c9700,len:0x4
load:0x403c9704,len:0xc50
load:0x403cc700,len:0x2eb0
entry 0x403c9918
[0;32mI (22) HOOK: This hook is called BEFORE bootloader initialization[0m
[0;32mI (33) boot: ESP-IDF v5.1.1-dirty 2nd stage bootloader[0m
[0;32mI (34) boot: compile time Dec  4 2023 19:24:27[0m
[0;32mI (34) boot: Multicore bootloader[0m
[0;32mI (37) boot: chip revision: v0.1[0m
[0;32mI (41) boot.esp32s3: Boot SPI Speed : 80MHz[0m
[0;32mI (46) boot.esp32s3: SPI Mode       : DIO[0m
[0;32mI (51) boot.esp32s3: SPI Flash Size : 8MB[0m
[0;32mI (55) boot: Enabling RNG early entropy source...[0m
[0;32mI (61) HOOK: This hook is called AFTER bootloader initialization[0m
[0;32mI (67) boot: Partition Table:[0m
[0;32mI (71) boot: ## Label            Usage          Type ST Offset   Length[0m
[0;32mI (78) boot:  0 nvs              WiFi data        01 02 00009000 00006000[0m
[0;32mI (86) boot:  1 phy_init         RF data          01 01 0000f000 00001000[0m
[0;32mI (93) boot:  2 factory          factory app      00 00 00010000 00400000[0m
[0;32mI (101) boot:  3 storage          Unknown data     01 82 00410000 000f0000[0m
[0;32mI (108) boot: End of partition table[0m
[0;32mI (113) esp_image: segment 0: paddr=00010020 vaddr=3c100020 size=4550ch (283916) map[0m
[0;32mI (172) esp_image: segment 1: paddr=00055534 vaddr=3fc9b800 size=048d4h ( 18644) load[0m
[0;32mI (176) esp_image: segment 2: paddr=00059e10 vaddr=40374000 size=06208h ( 25096) load[0m
[0;32mI (183) esp_image: segment 3: paddr=00060020 vaddr=42000020 size=fd0d8h (1036504) map[0m
[0;32mI (372) esp_image: segment 4: paddr=0015d100 vaddr=4037a208 size=115c8h ( 71112) load[0m
[0;32mI (398) boot: Loaded app from partition at offset 0x10000[0m
[0;32mI (398) boot: Disabling RNG early entropy source...[0m
[0;32mI (409) cpu_start: Multicore app[0m
[0;32mI (410) octal_psram: vendor id    : 0x0d (AP)[0m
[0;32mI (410) octal_psram: dev id       : 0x02 (generation 3)[0m
[0;32mI (413) octal_psram: density      : 0x03 (64 Mbit)[0m
[0;32mI (418) octal_psram: good-die     : 0x01 (Pass)[0m
[0;32mI (424) octal_psram: Latency      : 0x01 (Fixed)[0m
[0;32mI (429) octal_psram: VCC          : 0x01 (3V)[0m
[0;32mI (434) octal_psram: SRF          : 0x01 (Fast Refresh)[0m
[0;32mI (440) octal_psram: BurstType    : 0x01 (Hybrid Wrap)[0m
[0;32mI (446) octal_psram: BurstLen     : 0x01 (32 Byte)[0m
[0;32mI (451) octal_psram: Readlatency  : 0x02 (10 cycles@Fixed)[0m
[0;32mI (457) octal_psram: DriveStrength: 0x00 (1/1)[0m
[0;32mI (463) MSPI Timing: PSRAM timing tuning index: 5[0m
[0;32mI (468) esp_psram: Found 8MB PSRAM device[0m
[0;32mI (473) esp_psram: Speed: 80MHz[0m
[0;32mI (477) cpu_start: Pro cpu up.[0m
[0;32mI (480) cpu_start: Starting app cpu, entry point is 0x4037590c[0m
[0;32mI (0) cpu_start: App cpu up.[0m
[0;32mI (939) esp_psram: SPI SRAM memory test OK[0m
[0;32mI (948) cpu_start: Pro cpu start user code[0m
[0;32mI (948) cpu_start: cpu freq: 240000000 Hz[0m
[0;32mI (948) cpu_start: Application information:[0m
[0;32mI (951) cpu_start: Project name:     Application[0m
[0;32mI (957) cpu_start: App version:      1[0m
[0;32mI (961) cpu_start: Compile time:     Dec 13 2023 22:25:28[0m
[0;32mI (967) cpu_start: ELF file SHA256:  43fceea2e63e8795...[0m
[0;32mI (973) cpu_start: ESP-IDF:          v5.1.1-dirty[0m
[0;32mI (979) cpu_start: Min chip rev:     v0.0[0m
[0;32mI (983) cpu_start: Max chip rev:     v0.99 [0m
[0;32mI (988) cpu_start: Chip rev:         v0.1[0m
[0;32mI (993) heap_init: Initializing. RAM available for dynamic allocation:[0m
[0;32mI (1000) heap_init: At 3FCA5CE8 len 00043A28 (270 KiB): DRAM[0m
[0;32mI (1006) heap_init: At 3FCE9710 len 00005724 (21 KiB): STACK/DRAM[0m
[0;32mI (1013) heap_init: At 3FCF0000 len 00008000 (32 KiB): DRAM[0m
[0;32mI (1019) heap_init: At 600FE010 len 00001FD8 (7 KiB): RTCRAM[0m
[0;32mI (1026) esp_psram: Adding pool of 8192K of PSRAM memory to heap allocator[0m
[0;32mI (1034) spi_flash: detected chip: gd[0m
[0;32mI (1038) spi_flash: flash io: dio[0m
[0;33mW (1042) spi_flash: Detected size(16384k) larger than the size in the binary image header(8192k). Using the size in the binary image header.[0m
[0;32mI (1057) sleep: Configure to isolate all GPIO pins in sleep state[0m
[0;32mI (1062) sleep: Enable automatic switching of GPIO sleep configuration[0m
[0;32mI (1069) app_start: Starting scheduler on CPU0[0m
[0;32mI (1074) app_start: Starting scheduler on CPU1[0m
[0;32mI (1074) main_task: Started on CPU0[0m
[0;32mI (1084) esp_psram: Reserving pool of 32K of internal memory for DMA/internal allocations[0m
[0;32mI (1092) main_task: Calling app_main()[0m
sample without isobus!
This is esp32s3 chip with 2 CPU core(s), WiFi/BLE, silicon revision v0.1, 8MB external flash
Minimum free heap size: 8666980 bytes
CONFIG_FREERTOS_HZ: 1000 must be 1000 !!!! (200Hz at least for 5ms )
app_main starting 
[0;32mI (1132) wifi softAP: ESP_WIFI_MODE_AP[0m
[0;32mI (1134) pp: pp rom version: e7ae62f[0m
[0;32mI (1134) net80211: net80211 rom version: e7ae62f[0m
I (1136) wifi:wifi driver task: 3fcb8318, prio:23, stack:3584, core=0
I (1147) wifi:wifi firmware version: ce9244d
I (1148) wifi:wifi certification version: v7.0
I (1149) wifi:config NVS flash: enabled
I (1153) wifi:config nano formating: disabled
I (1157) wifi:Init data frame dynamic rx buffer num: 32
I (1162) wifi:Init management frame dynamic rx buffer num: 32
I (1167) wifi:Init management short buffer num: 32
I (1172) wifi:Init static tx buffer num: 16
I (1176) wifi:Init tx cache buffer num: 32
I (1180) wifi:Init static tx FG buffer num: 2
I (1184) wifi:Init static rx buffer size: 1600
I (1188) wifi:Init static rx buffer num: 10
I (1192) wifi:Init dynamic rx buffer num: 32
[0;32mI (1196) wifi_init: rx ba win: 6[0m
[0;32mI (1200) wifi_init: tcpip mbox: 32[0m
[0;32mI (1204) wifi_init: udp mbox: 6[0m
[0;32mI (1207) wifi_init: tcp mbox: 6[0m
[0;32mI (1211) wifi_init: tcp tx win: 5744[0m
[0;32mI (1216) wifi_init: tcp rx win: 5744[0m
[0;32mI (1220) wifi_init: tcp mss: 1440[0m
[0;32mI (1224) wifi_init: WiFi IRAM OP enabled[0m
[0;32mI (1228) wifi_init: WiFi RX IRAM OP enabled[0m
[0;32mI (1233) wifi_init: LWIP IRAM OP enabled[0m
[0;32mI (1242) phy_init: phy_version 601,98f2a71,Jun 29 2023,09:58:12[0m
I (1278) wifi:mode : softAP (34:85:18:99:fd:7d)
I (1281) wifi:Total power save buffer number: 8
I (1282) wifi:Init max length of beacon: 752/752
I (1282) wifi:Init max length of beacon: 752/752
[0;32mI (1285) wifi softAP: wifi_init_softap finished. SSID:ESP32_SmartHome password:*sm@rtH0m3* channel:1[0m
[0;32mI (1286) esp_netif_lwip: DHCP server started on interface WIFI_AP_DEF with IP: 192.168.4.1[0m
[0;32mI (1303) example_mount: Initializing SPIFFS[0m
[0;32mI (1365) example_mount: Partition size: total: 896321, used: 0[0m
[0;32mI (1366) file_server: Starting HTTP Server on port: '80'[0m
[0;32mI (1369) example: File server started[0m
[0;32mI (1372) MAIN: Executing forte...[0m
INFO: T#320000000: Using provided bootfile location set in CMake: /data/test_FORTE_PC.fboot
INFO: T#321000000: FORTE is up and running
[0;32mI (1396) MAIN: OK 0 , Could start forte
[0m
INFO: T#346000000: Boot file /data/test_FORTE_PC.fboot could not be opened. Skipping...
INFO: T#347000000: CBSDSocketInterface: Opening TCP-Server connection at: localhost:61499
forte_main done 
[0;32mI (3371) main_task: Returned from app_main()[0m
ESP-ROM:esp32s3-20210327
Build:Mar 27 2021
rst:0x1 (POWERON),boot:0x8 (SPI_FAST_FLASH_BOOT)
SPIWP:0xee
mode:DIO, clock div:1
load:0x3fce3818,len:0x1784
load:0x403c9700,len:0x4
load:0x403c9704,len:0xc50
load:0x403cc700,len:0x2eb0
entry 0x403c9918
[0;32mI (22) HOOK: This hook is called BEFORE bootloader initialization[0m
[0;32mI (33) boot: ESP-IDF v5.1.1-dirty 2nd stage bootloader[0m
[0;32mI (34) boot: compile time Dec  4 2023 19:24:27[0m
[0;32mI (34) boot: Multicore bootloader[0m
[0;32mI (37) boot: chip revision: v0.1[0m
[0;32mI (41) boot.esp32s3: Boot SPI Speed : 80MHz[0m
[0;32mI (46) boot.esp32s3: SPI Mode       : DIO[0m
[0;32mI (51) boot.esp32s3: SPI Flash Size : 8MB[0m
[0;32mI (55) boot: Enabling RNG early entropy source...[0m
[0;32mI (61) HOOK: This hook is called AFTER bootloader initialization[0m
[0;32mI (67) boot: Partition Table:[0m
[0;32mI (71) boot: ## Label            Usage          Type ST Offset   Length[0m
[0;32mI (78) boot:  0 nvs              WiFi data        01 02 00009000 00006000[0m
[0;32mI (86) boot:  1 phy_init         RF data          01 01 0000f000 00001000[0m
[0;32mI (93) boot:  2 factory          factory app      00 00 00010000 00400000[0m
[0;32mI (101) boot:  3 storage          Unknown data     01 82 00410000 000f0000[0m
[0;32mI (108) boot: End of partition table[0m
[0;32mI (113) esp_image: segment 0: paddr=00010020 vaddr=3c100020 size=4550ch (283916) map[0m
[0;32mI (172) esp_image: segment 1: paddr=00055534 vaddr=3fc9b800 size=048d4h ( 18644) load[0m
[0;32mI (176) esp_image: segment 2: paddr=00059e10 vaddr=40374000 size=06208h ( 25096) load[0m
[0;32mI (183) esp_image: segment 3: paddr=00060020 vaddr=42000020 size=fd0d8h (1036504) map[0m
[0;32mI (372) esp_image: segment 4: paddr=0015d100 vaddr=4037a208 size=115c8h ( 71112) load[0m
[0;32mI (398) boot: Loaded app from partition at offset 0x10000[0m
[0;32mI (398) boot: Disabling RNG early entropy source...[0m
[0;32mI (409) cpu_start: Multicore app[0m
[0;32mI (410) octal_psram: vendor id    : 0x0d (AP)[0m
[0;32mI (410) octal_psram: dev id       : 0x02 (generation 3)[0m
[0;32mI (413) octal_psram: density      : 0x03 (64 Mbit)[0m
[0;32mI (418) octal_psram: good-die     : 0x01 (Pass)[0m
[0;32mI (424) octal_psram: Latency      : 0x01 (Fixed)[0m
[0;32mI (429) octal_psram: VCC          : 0x01 (3V)[0m
[0;32mI (434) octal_psram: SRF          : 0x01 (Fast Refresh)[0m
[0;32mI (440) octal_psram: BurstType    : 0x01 (Hybrid Wrap)[0m
[0;32mI (446) octal_psram: BurstLen     : 0x01 (32 Byte)[0m
[0;32mI (451) octal_psram: Readlatency  : 0x02 (10 cycles@Fixed)[0m
[0;32mI (457) octal_psram: DriveStrength: 0x00 (1/1)[0m
[0;32mI (463) MSPI Timing: PSRAM timing tuning index: 5[0m
[0;32mI (468) esp_psram: Found 8MB PSRAM device[0m
[0;32mI (473) esp_psram: Speed: 80MHz[0m
[0;32mI (477) cpu_start: Pro cpu up.[0m
[0;32mI (480) cpu_start: Starting app cpu, entry point is 0x4037590c[0m
[0;32mI (0) cpu_start: App cpu up.[0m
[0;32mI (939) esp_psram: SPI SRAM memory test OK[0m
[0;32mI (948) cpu_start: Pro cpu start user code[0m
[0;32mI (948) cpu_start: cpu freq: 240000000 Hz[0m
[0;32mI (948) cpu_start: Application information:[0m
[0;32mI (951) cpu_start: Project name:     Application[0m
[0;32mI (957) cpu_start: App version:      1[0m
[0;32mI (961) cpu_start: Compile time:     Dec 13 2023 22:25:28[0m
[0;32mI (967) cpu_start: ELF file SHA256:  43fceea2e63e8795...[0m
[0;32mI (973) cpu_start: ESP-IDF:          v5.1.1-dirty[0m
[0;32mI (979) cpu_start: Min chip rev:     v0.0[0m
[0;32mI (983) cpu_start: Max chip rev:     v0.99 [0m
[0;32mI (988) cpu_start: Chip rev:         v0.1[0m
[0;32mI (993) heap_init: Initializing. RAM available for dynamic allocation:[0m
[0;32mI (1000) heap_init: At 3FCA5CE8 len 00043A28 (270 KiB): DRAM[0m
[0;32mI (1006) heap_init: At 3FCE9710 len 00005724 (21 KiB): STACK/DRAM[0m
[0;32mI (1013) heap_init: At 3FCF0000 len 00008000 (32 KiB): DRAM[0m
[0;32mI (1019) heap_init: At 600FE010 len 00001FD8 (7 KiB): RTCRAM[0m
[0;32mI (1026) esp_psram: Adding pool of 8192K of PSRAM memory to heap allocator[0m
[0;32mI (1034) spi_flash: detected chip: gd[0m
[0;32mI (1038) spi_flash: flash io: dio[0m
[0;33mW (1042) spi_flash: Detected size(16384k) larger than the size in the binary image header(8192k). Using the size in the binary image header.[0m
[0;32mI (1057) sleep: Configure to isolate all GPIO pins in sleep state[0m
[0;32mI (1062) sleep: Enable automatic switching of GPIO sleep configuration[0m
[0;32mI (1069) app_start: Starting scheduler on CPU0[0m
[0;32mI (1074) app_start: Starting scheduler on CPU1[0m
[0;32mI (1074) main_task: Started on CPU0[0m
[0;32mI (1084) esp_psram: Reserving pool of 32K of internal memory for DMA/internal allocations[0m
[0;32mI (1092) main_task: Calling app_main()[0m
sample without isobus!
This is esp32s3 chip with 2 CPU core(s), WiFi/BLE, silicon revision v0.1, 8MB external flash
Minimum free heap size: 8666980 bytes
CONFIG_FREERTOS_HZ: 1000 must be 1000 !!!! (200Hz at least for 5ms )
app_main starting 
[0;32mI (1132) wifi softAP: ESP_WIFI_MODE_AP[0m
[0;32mI (1134) pp: pp rom version: e7ae62f[0m
[0;32mI (1134) net80211: net80211 rom version: e7ae62f[0m
I (1136) wifi:wifi driver task: 3fcb8318, prio:23, stack:3584, core=0
I (1147) wifi:wifi firmware version: ce9244d
I (1148) wifi:wifi certification version: v7.0
I (1149) wifi:config NVS flash: enabled
I (1153) wifi:config nano formating: disabled
I (1157) wifi:Init data frame dynamic rx buffer num: 32
I (1162) wifi:Init management frame dynamic rx buffer num: 32
I (1167) wifi:Init management short buffer num: 32
I (1172) wifi:Init static tx buffer num: 16
I (1176) wifi:Init tx cache buffer num: 32
I (1180) wifi:Init static tx FG buffer num: 2
I (1184) wifi:Init static rx buffer size: 1600
I (1188) wifi:Init static rx buffer num: 10
I (1192) wifi:Init dynamic rx buffer num: 32
[0;32mI (1196) wifi_init: rx ba win: 6[0m
[0;32mI (1200) wifi_init: tcpip mbox: 32[0m
[0;32mI (1204) wifi_init: udp mbox: 6[0m
[0;32mI (1207) wifi_init: tcp mbox: 6[0m
[0;32mI (1211) wifi_init: tcp tx win: 5744[0m
[0;32mI (1216) wifi_init: tcp rx win: 5744[0m
[0;32mI (1220) wifi_init: tcp mss: 1440[0m
[0;32mI (1224) wifi_init: WiFi IRAM OP enabled[0m
[0;32mI (1228) wifi_init: WiFi RX IRAM OP enabled[0m
[0;32mI (1233) wifi_init: LWIP IRAM OP enabled[0m
[0;32mI (1242) phy_init: phy_version 601,98f2a71,Jun 29 2023,09:58:12[0m
I (1277) wifi:mode : softAP (34:85:18:99:fd:7d)
I (1281) wifi:Total power save buffer number: 8
I (1281) wifi:Init max length of beacon: 752/752
I (1282) wifi:Init max length of beacon: 752/752
[0;32mI (1285) wifi softAP: wifi_init_softap finished. SSID:ESP32_SmartHome password:*sm@rtH0m3* channel:1[0m
[0;32mI (1286) esp_netif_lwip: DHCP server started on interface WIFI_AP_DEF with IP: 192.168.4.1[0m
[0;32mI (1303) example_mount: Initializing SPIFFS[0m
[0;32mI (1365) example_mount: Partition size: total: 896321, used: 0[0m
[0;32mI (1365) file_server: Starting HTTP Server on port: '80'[0m
[0;32mI (1368) example: File server started[0m
[0;32mI (1371) MAIN: Executing forte...[0m
INFO: T#321000000: Using provided bootfile location set in CMake: /data/test_FORTE_PC.fboot
INFO: T#322000000: FORTE is up and running
[0;32mI (1397) MAIN: OK 0 , Could start forte
[0m
INFO: T#347000000: Boot file /data/test_FORTE_PC.fboot could not be opened. Skipping...
INFO: T#348000000: CBSDSocketInterface: Opening TCP-Server connection at: localhost:61499
forte_main done 
[0;32mI (3371) main_task: Returned from app_main()[0m
I (9996) wifi:new:<1,1>, old:<1,1>, ap:<1,1>, sta:<255,255>, prof:1
I (9997) wifi:station: 5c:62:8b:67:aa:ca join, AID=1, bgn, 40U
[0;32mI (10011) wifi softAP: station 5c:62:8b:67:aa:ca join, AID=1[0m
[0;32mI (10018) esp_netif_lwip: DHCP server assigned IP to a client, IP is: 192.168.4.2[0m
I (12610) wifi:<ba-add>idx:2 (ifx:1, 5c:62:8b:67:aa:ca), tid:0, ssn:51, winSize:64
INFO: T#56083000000: Connection established by client
[0;32mI (57287) gpio: GPIO[0]| InputEn: 1| OutputEn: 0| OpenDrain: 0| Pullup: 1| Pulldown: 0| Intr:0 [0m
[0;32mI (57288) gpio: GPIO[1]| InputEn: 0| OutputEn: 1| OpenDrain: 0| Pullup: 0| Pulldown: 0| Intr:0 [0m
INFO: T#56218000000: Connection closed by peer
INFO: T#67221000000: Connection established by client
INFO: T#404354000000: Connection closed by peer
INFO: T#404416000000: Connection established by client
[0;32mI (407851) gpio: GPIO[0]| InputEn: 1| OutputEn: 0| OpenDrain: 0| Pullup: 1| Pulldown: 0| Intr:0 [0m
[0;32mI (407853) gpio: GPIO[1]| InputEn: 0| OutputEn: 1| OpenDrain: 0| Pullup: 0| Pulldown: 0| Intr:0 [0m
INFO: T#406782000000: Connection closed by peer
INFO: T#406837000000: Connection established by client
INFO: T#465996000000: Connection closed by peer
INFO: T#466052000000: Connection established by client
[0;32mI (472002) gpio: GPIO[1]| InputEn: 1| OutputEn: 0| OpenDrain: 0| Pullup: 1| Pulldown: 0| Intr:0 [0m
[0;32mI (472004) gpio: GPIO[0]| InputEn: 0| OutputEn: 1| OpenDrain: 0| Pullup: 0| Pulldown: 0| Intr:0 [0m
INFO: T#470933000000: Connection closed by peer
INFO: T#470989000000: Connection established by client
INFO: T#580273000000: Connection closed by peer
INFO: T#580329000000: Connection established by client
[0;32mI (583594) gpio: GPIO[36]| InputEn: 1| OutputEn: 0| OpenDrain: 0| Pullup: 1| Pulldown: 0| Intr:0 [0m
ESP-ROM:esp32s3-20210327
Build:Mar 27 2021
rst:0x1 (POWERON),boot:0x8 (SPI_FAST_FLASH_BOOT)
SPIWP:0xee
mode:DIO, clock div:1
load:0x3fce3818,len:0x1784
load:0x403c9700,len:0x4
load:0x403c9704,len:0xc50
load:0x403cc700,len:0x2eb0
entry 0x403c9918
[0;32mI (22) HOOK: This hook is called BEFORE bootloader initialization[0m
[0;32mI (33) boot: ESP-IDF v5.1.1-dirty 2nd stage bootloader[0m
[0;32mI (34) boot: compile time Dec  4 2023 19:24:27[0m
[0;32mI (34) boot: Multicore bootloader[0m
[0;32mI (37) boot: chip revision: v0.1[0m
[0;32mI (41) boot.esp32s3: Boot SPI Speed : 80MHz[0m
[0;32mI (46) boot.esp32s3: SPI Mode       : DIO[0m
[0;32mI (51) boot.esp32s3: SPI Flash Size : 8MB[0m
[0;32mI (55) boot: Enabling RNG early entropy source...[0m
[0;32mI (61) HOOK: This hook is called AFTER bootloader initialization[0m
[0;32mI (67) boot: Partition Table:[0m
[0;32mI (71) boot: ## Label            Usage          Type ST Offset   Length[0m
[0;32mI (78) boot:  0 nvs              WiFi data        01 02 00009000 00006000[0m
[0;32mI (86) boot:  1 phy_init         RF data          01 01 0000f000 00001000[0m
[0;32mI (93) boot:  2 factory          factory app      00 00 00010000 00400000[0m
[0;32mI (101) boot:  3 storage          Unknown data     01 82 00410000 000f0000[0m
[0;32mI (108) boot: End of partition table[0m
[0;32mI (113) esp_image: segment 0: paddr=00010020 vaddr=3c100020 size=4550ch (283916) map[0m
[0;32mI (172) esp_image: segment 1: paddr=00055534 vaddr=3fc9b800 size=048d4h ( 18644) load[0m
[0;32mI (176) esp_image: segment 2: paddr=00059e10 vaddr=40374000 size=06208h ( 25096) load[0m
[0;32mI (183) esp_image: segment 3: paddr=00060020 vaddr=42000020 size=fd0d8h (1036504) map[0m
[0;32mI (372) esp_image: segment 4: paddr=0015d100 vaddr=4037a208 size=115c8h ( 71112) load[0m
[0;32mI (398) boot: Loaded app from partition at offset 0x10000[0m
[0;32mI (398) boot: Disabling RNG early entropy source...[0m
[0;32mI (409) cpu_start: Multicore app[0m
[0;32mI (410) octal_psram: vendor id    : 0x0d (AP)[0m
[0;32mI (410) octal_psram: dev id       : 0x02 (generation 3)[0m
[0;32mI (413) octal_psram: density      : 0x03 (64 Mbit)[0m
[0;32mI (418) octal_psram: good-die     : 0x01 (Pass)[0m
[0;32mI (424) octal_psram: Latency      : 0x01 (Fixed)[0m
[0;32mI (429) octal_psram: VCC          : 0x01 (3V)[0m
[0;32mI (434) octal_psram: SRF          : 0x01 (Fast Refresh)[0m
[0;32mI (440) octal_psram: BurstType    : 0x01 (Hybrid Wrap)[0m
[0;32mI (446) octal_psram: BurstLen     : 0x01 (32 Byte)[0m
[0;32mI (451) octal_psram: Readlatency  : 0x02 (10 cycles@Fixed)[0m
[0;32mI (457) octal_psram: DriveStrength: 0x00 (1/1)[0m
[0;32mI (463) MSPI Timing: PSRAM timing tuning index: 4[0m
[0;32mI (468) esp_psram: Found 8MB PSRAM device[0m
[0;32mI (473) esp_psram: Speed: 80MHz[0m
[0;32mI (477) cpu_start: Pro cpu up.[0m
[0;32mI (480) cpu_start: Starting app cpu, entry point is 0x4037590c[0m
[0;32mI (0) cpu_start: App cpu up.[0m
[0;32mI (932) esp_psram: SPI SRAM memory test OK[0m
[0;32mI (942) cpu_start: Pro cpu start user code[0m
[0;32mI (942) cpu_start: cpu freq: 240000000 Hz[0m
[0;32mI (942) cpu_start: Application information:[0m
[0;32mI (945) cpu_start: Project name:     Application[0m
[0;32mI (950) cpu_start: App version:      1[0m
[0;32mI (955) cpu_start: Compile time:     Dec 13 2023 22:25:28[0m
[0;32mI (961) cpu_start: ELF file SHA256:  43fceea2e63e8795...[0m
[0;32mI (967) cpu_start: ESP-IDF:          v5.1.1-dirty[0m
[0;32mI (972) cpu_start: Min chip rev:     v0.0[0m
[0;32mI (977) cpu_start: Max chip rev:     v0.99 [0m
[0;32mI (982) cpu_start: Chip rev:         v0.1[0m
[0;32mI (986) heap_init: Initializing. RAM available for dynamic allocation:[0m
[0;32mI (994) heap_init: At 3FCA5CE8 len 00043A28 (270 KiB): DRAM[0m
[0;32mI (1000) heap_init: At 3FCE9710 len 00005724 (21 KiB): STACK/DRAM[0m
[0;32mI (1006) heap_init: At 3FCF0000 len 00008000 (32 KiB): DRAM[0m
[0;32mI (1013) heap_init: At 600FE010 len 00001FD8 (7 KiB): RTCRAM[0m
[0;32mI (1019) esp_psram: Adding pool of 8192K of PSRAM memory to heap allocator[0m
[0;32mI (1027) spi_flash: detected chip: gd[0m
[0;32mI (1031) spi_flash: flash io: dio[0m
[0;33mW (1035) spi_flash: Detected size(16384k) larger than the size in the binary image header(8192k). Using the size in the binary image header.[0m
[0;32mI (1050) sleep: Configure to isolate all GPIO pins in sleep state[0m
[0;32mI (1055) sleep: Enable automatic switching of GPIO sleep configuration[0m
[0;32mI (1062) app_start: Starting scheduler on CPU0[0m
[0;32mI (1067) app_start: Starting scheduler on CPU1[0m
[0;32mI (1067) main_task: Started on CPU0[0m
[0;32mI (1077) esp_psram: Reserving pool of 32K of internal memory for DMA/internal allocations[0m
[0;32mI (1085) main_task: Calling app_main()[0m
sample without isobus!
This is esp32s3 chip with 2 CPU core(s), WiFi/BLE, silicon revision v0.1, 8MB external flash
Minimum free heap size: 8666980 bytes
CONFIG_FREERTOS_HZ: 1000 must be 1000 !!!! (200Hz at least for 5ms )
app_main starting 
[0;32mI (1125) wifi softAP: ESP_WIFI_MODE_AP[0m
[0;32mI (1127) pp: pp rom version: e7ae62f[0m
[0;32mI (1127) net80211: net80211 rom version: e7ae62f[0m
I (1129) wifi:wifi driver task: 3fcb8318, prio:23, stack:3584, core=0
I (1140) wifi:wifi firmware version: ce9244d
I (1141) wifi:wifi certification version: v7.0
I (1142) wifi:config NVS flash: enabled
I (1146) wifi:config nano formating: disabled
I (1150) wifi:Init data frame dynamic rx buffer num: 32
I (1155) wifi:Init management frame dynamic rx buffer num: 32
I (1160) wifi:Init management short buffer num: 32
I (1165) wifi:Init static tx buffer num: 16
I (1169) wifi:Init tx cache buffer num: 32
I (1173) wifi:Init static tx FG buffer num: 2
I (1177) wifi:Init static rx buffer size: 1600
I (1181) wifi:Init static rx buffer num: 10
I (1185) wifi:Init dynamic rx buffer num: 32
[0;32mI (1189) wifi_init: rx ba win: 6[0m
[0;32mI (1193) wifi_init: tcpip mbox: 32[0m
[0;32mI (1197) wifi_init: udp mbox: 6[0m
[0;32mI (1200) wifi_init: tcp mbox: 6[0m
[0;32mI (1204) wifi_init: tcp tx win: 5744[0m
[0;32mI (1209) wifi_init: tcp rx win: 5744[0m
[0;32mI (1213) wifi_init: tcp mss: 1440[0m
[0;32mI (1217) wifi_init: WiFi IRAM OP enabled[0m
[0;32mI (1221) wifi_init: WiFi RX IRAM OP enabled[0m
[0;32mI (1226) wifi_init: LWIP IRAM OP enabled[0m
[0;32mI (1235) phy_init: phy_version 601,98f2a71,Jun 29 2023,09:58:12[0m
I (1270) wifi:mode : softAP (34:85:18:99:fd:7d)
I (1273) wifi:Total power save buffer number: 8
I (1273) wifi:Init max length of beacon: 752/752
I (1274) wifi:Init max length of beacon: 752/752
[0;32mI (1277) wifi softAP: wifi_init_softap finished. SSID:ESP32_SmartHome password:*sm@rtH0m3* channel:1[0m
[0;32mI (1278) esp_netif_lwip: DHCP server started on interface WIFI_AP_DEF with IP: 192.168.4.1[0m
[0;32mI (1295) example_mount: Initializing SPIFFS[0m
[0;32mI (1357) example_mount: Partition size: total: 896321, used: 0[0m
[0;32mI (1357) file_server: Starting HTTP Server on port: '80'[0m
[0;32mI (1360) example: File server started[0m
[0;32mI (1363) MAIN: Executing forte...[0m
INFO: T#320000000: Using provided bootfile location set in CMake: /data/test_FORTE_PC.fboot
INFO: T#321000000: FORTE is up and running
[0;32mI (1389) MAIN: OK 0 , Could start forte
[0m
INFO: T#346000000: Boot file /data/test_FORTE_PC.fboot could not be opened. Skipping...
INFO: T#347000000: CBSDSocketInterface: Opening TCP-Server connection at: localhost:61499
forte_main done 
[0;32mI (3363) main_task: Returned from app_main()[0m
I (11730) wifi:new:<1,1>, old:<1,1>, ap:<1,1>, sta:<255,255>, prof:1
I (11730) wifi:station: 5c:62:8b:67:aa:ca join, AID=1, bgn, 40U
[0;32mI (11744) wifi softAP: station 5c:62:8b:67:aa:ca join, AID=1[0m
[0;32mI (11757) esp_netif_lwip: DHCP server assigned IP to a client, IP is: 192.168.4.2[0m
I (15366) wifi:<ba-add>idx:2 (ifx:1, 5c:62:8b:67:aa:ca), tid:0, ssn:79, winSize:64
INFO: T#31022000000: Connection established by client
[0;32mI (32191) gpio: GPIO[37]| InputEn: 1| OutputEn: 0| OpenDrain: 0| Pullup: 1| Pulldown: 0| Intr:0 [0m
[0;32mI (32193) gpio: GPIO[0]| InputEn: 0| OutputEn: 1| OpenDrain: 0| Pullup: 0| Pulldown: 0| Intr:0 [0m
INFO: T#31129000000: Connection closed by peer
ESP-ROM:esp32s3-20210327
Build:Mar 27 2021
rst:0x1 (POWERON),boot:0x8 (SPI_FAST_FLASH_BOOT)
SPIWP:0xee
mode:DIO, clock div:1
load:0x3fce3818,len:0x1784
load:0x403c9700,len:0x4
load:0x403c9704,len:0xc50
load:0x403cc700,len:0x2eb0
entry 0x403c9918
[0;32mI (22) HOOK: This hook is called BEFORE bootloader initialization[0m
[0;32mI (33) boot: ESP-IDF v5.1.1-dirty 2nd stage bootloader[0m
[0;32mI (34) boot: compile time Dec  4 2023 19:24:27[0m
[0;32mI (34) boot: Multicore bootloader[0m
[0;32mI (37) boot: chip revision: v0.1[0m
[0;32mI (41) boot.esp32s3: Boot SPI Speed : 80MHz[0m
[0;32mI (46) boot.esp32s3: SPI Mode       : DIO[0m
[0;32mI (51) boot.esp32s3: SPI Flash Size : 8MB[0m
[0;32mI (55) boot: Enabling RNG early entropy source...[0m
[0;32mI (61) HOOK: This hook is called AFTER bootloader initialization[0m
[0;32mI (67) boot: Partition Table:[0m
[0;32mI (71) boot: ## Label            Usage          Type ST Offset   Length[0m
[0;32mI (78) boot:  0 nvs              WiFi data        01 02 00009000 00006000[0m
[0;32mI (86) boot:  1 phy_init         RF data          01 01 0000f000 00001000[0m
[0;32mI (93) boot:  2 factory          factory app      00 00 00010000 00400000[0m
[0;32mI (101) boot:  3 storage          Unknown data     01 82 00410000 000f0000[0m
[0;32mI (108) boot: End of partition table[0m
[0;32mI (113) esp_image: segment 0: paddr=00010020 vaddr=3c100020 size=4550ch (283916) map[0m
[0;32mI (172) esp_image: segment 1: paddr=00055534 vaddr=3fc9b800 size=048d4h ( 18644) load[0m
[0;32mI (176) esp_image: segment 2: paddr=00059e10 vaddr=40374000 size=06208h ( 25096) load[0m
[0;32mI (183) esp_image: segment 3: paddr=00060020 vaddr=42000020 size=fd0d8h (1036504) map[0m
[0;32mI (372) esp_image: segment 4: paddr=0015d100 vaddr=4037a208 size=115c8h ( 71112) load[0m
[0;32mI (398) boot: Loaded app from partition at offset 0x10000[0m
[0;32mI (398) boot: Disabling RNG early entropy source...[0m
[0;32mI (409) cpu_start: Multicore app[0m
[0;32mI (410) octal_psram: vendor id    : 0x0d (AP)[0m
[0;32mI (410) octal_psram: dev id       : 0x02 (generation 3)[0m
[0;32mI (413) octal_psram: density      : 0x03 (64 Mbit)[0m
[0;32mI (418) octal_psram: good-die     : 0x01 (Pass)[0m
[0;32mI (424) octal_psram: Latency      : 0x01 (Fixed)[0m
[0;32mI (429) octal_psram: VCC          : 0x01 (3V)[0m
[0;32mI (434) octal_psram: SRF          : 0x01 (Fast Refresh)[0m
[0;32mI (440) octal_psram: BurstType    : 0x01 (Hybrid Wrap)[0m
[0;32mI (446) octal_psram: BurstLen     : 0x01 (32 Byte)[0m
[0;32mI (451) octal_psram: Readlatency  : 0x02 (10 cycles@Fixed)[0m
[0;32mI (457) octal_psram: DriveStrength: 0x00 (1/1)[0m
[0;32mI (463) MSPI Timing: PSRAM timing tuning index: 10[0m
[0;32mI (468) esp_psram: Found 8MB PSRAM device[0m
[0;32mI (473) esp_psram: Speed: 80MHz[0m
[0;32mI (477) cpu_start: Pro cpu up.[0m
[0;32mI (480) cpu_start: Starting app cpu, entry point is 0x4037590c[0m
[0;32mI (0) cpu_start: App cpu up.[0m
[0;32mI (932) esp_psram: SPI SRAM memory test OK[0m
[0;32mI (942) cpu_start: Pro cpu start user code[0m
[0;32mI (942) cpu_start: cpu freq: 240000000 Hz[0m
[0;32mI (942) cpu_start: Application information:[0m
[0;32mI (945) cpu_start: Project name:     Application[0m
[0;32mI (950) cpu_start: App version:      1[0m
[0;32mI (955) cpu_start: Compile time:     Dec 13 2023 22:25:28[0m
[0;32mI (961) cpu_start: ELF file SHA256:  43fceea2e63e8795...[0m
[0;32mI (967) cpu_start: ESP-IDF:          v5.1.1-dirty[0m
[0;32mI (972) cpu_start: Min chip rev:     v0.0[0m
[0;32mI (977) cpu_start: Max chip rev:     v0.99 [0m
[0;32mI (982) cpu_start: Chip rev:         v0.1[0m
[0;32mI (986) heap_init: Initializing. RAM available for dynamic allocation:[0m
[0;32mI (994) heap_init: At 3FCA5CE8 len 00043A28 (270 KiB): DRAM[0m
[0;32mI (1000) heap_init: At 3FCE9710 len 00005724 (21 KiB): STACK/DRAM[0m
[0;32mI (1007) heap_init: At 3FCF0000 len 00008000 (32 KiB): DRAM[0m
[0;32mI (1013) heap_init: At 600FE010 len 00001FD8 (7 KiB): RTCRAM[0m
[0;32mI (1019) esp_psram: Adding pool of 8192K of PSRAM memory to heap allocator[0m
[0;32mI (1027) spi_flash: detected chip: gd[0m
[0;32mI (1031) spi_flash: flash io: dio[0m
[0;33mW (1035) spi_flash: Detected size(16384k) larger than the size in the binary image header(8192k). Using the size in the binary image header.[0m
[0;32mI (1050) sleep: Configure to isolate all GPIO pins in sleep state[0m
[0;32mI (1055) sleep: Enable automatic switching of GPIO sleep configuration[0m
[0;32mI (1063) app_start: Starting scheduler on CPU0[0m
[0;32mI (1068) app_start: Starting scheduler on CPU1[0m
[0;32mI (1068) main_task: Started on CPU0[0m
[0;32mI (1078) esp_psram: Reserving pool of 32K of internal memory for DMA/internal allocations[0m
[0;32mI (1086) main_task: Calling app_main()[0m
sample without isobus!
This is esp32s3 chip with 2 CPU core(s), WiFi/BLE, silicon revision v0.1, 8MB external flash
Minimum free heap size: 8666980 bytes
CONFIG_FREERTOS_HZ: 1000 must be 1000 !!!! (200Hz at least for 5ms )
app_main starting 
[0;32mI (1126) wifi softAP: ESP_WIFI_MODE_AP[0m
[0;32mI (1128) pp: pp rom version: e7ae62f[0m
[0;32mI (1128) net80211: net80211 rom version: e7ae62f[0m
I (1130) wifi:wifi driver task: 3fcb8318, prio:23, stack:3584, core=0
I (1141) wifi:wifi firmware version: ce9244d
I (1142) wifi:wifi certification version: v7.0
I (1143) wifi:config NVS flash: enabled
I (1147) wifi:config nano formating: disabled
I (1151) wifi:Init data frame dynamic rx buffer num: 32
I (1156) wifi:Init management frame dynamic rx buffer num: 32
I (1161) wifi:Init management short buffer num: 32
I (1166) wifi:Init static tx buffer num: 16
I (1170) wifi:Init tx cache buffer num: 32
I (1174) wifi:Init static tx FG buffer num: 2
I (1178) wifi:Init static rx buffer size: 1600
I (1182) wifi:Init static rx buffer num: 10
I (1186) wifi:Init dynamic rx buffer num: 32
[0;32mI (1190) wifi_init: rx ba win: 6[0m
[0;32mI (1194) wifi_init: tcpip mbox: 32[0m
[0;32mI (1198) wifi_init: udp mbox: 6[0m
[0;32mI (1201) wifi_init: tcp mbox: 6[0m
[0;32mI (1205) wifi_init: tcp tx win: 5744[0m
[0;32mI (1210) wifi_init: tcp rx win: 5744[0m
[0;32mI (1214) wifi_init: tcp mss: 1440[0m
[0;32mI (1218) wifi_init: WiFi IRAM OP enabled[0m
[0;32mI (1222) wifi_init: WiFi RX IRAM OP enabled[0m
[0;32mI (1227) wifi_init: LWIP IRAM OP enabled[0m
[0;32mI (1236) phy_init: phy_version 601,98f2a71,Jun 29 2023,09:58:12[0m
I (1271) wifi:mode : softAP (34:85:18:99:fd:7d)
I (1274) wifi:Total power save buffer number: 8
I (1275) wifi:Init max length of beacon: 752/752
I (1275) wifi:Init max length of beacon: 752/752
[0;32mI (1278) wifi softAP: wifi_init_softap finished. SSID:ESP32_SmartHome password:*sm@rtH0m3* channel:1[0m
[0;32mI (1279) esp_netif_lwip: DHCP server started on interface WIFI_AP_DEF with IP: 192.168.4.1[0m
[0;32mI (1296) example_mount: Initializing SPIFFS[0m
[0;32mI (1358) example_mount: Partition size: total: 896321, used: 0[0m
[0;32mI (1358) file_server: Starting HTTP Server on port: '80'[0m
[0;32mI (1362) example: File server started[0m
[0;32mI (1365) MAIN: Executing forte...[0m
INFO: T#319000000: Using provided bootfile location set in CMake: /data/test_FORTE_PC.fboot
INFO: T#320000000: FORTE is up and running
[0;32mI (1389) MAIN: OK 0 , Could start forte
[0m
INFO: T#345000000: Boot file /data/test_FORTE_PC.fboot could not be opened. Skipping...
INFO: T#346000000: CBSDSocketInterface: Opening TCP-Server connection at: localhost:61499
forte_main done 
[0;32mI (3364) main_task: Returned from app_main()[0m
I (12857) wifi:new:<1,1>, old:<1,1>, ap:<1,1>, sta:<255,255>, prof:1
I (12858) wifi:station: 5c:62:8b:67:aa:ca join, AID=1, bgn, 40U
[0;32mI (12872) wifi softAP: station 5c:62:8b:67:aa:ca join, AID=1[0m
[0;32mI (12881) esp_netif_lwip: DHCP server assigned IP to a client, IP is: 192.168.4.2[0m
[0;32mI (14621) esp_netif_lwip: DHCP server assigned IP to a client, IP is: 192.168.4.2[0m
I (16120) wifi:<ba-add>idx:2 (ifx:1, 5c:62:8b:67:aa:ca), tid:0, ssn:61, winSize:64
INFO: T#29824000000: Connection established by client
[0;32mI (32172) gpio: GPIO[35]| InputEn: 1| OutputEn: 0| OpenDrain: 0| Pullup: 1| Pulldown: 0| Intr:0 [0m
[0;32mI (32173) gpio: GPIO[0]| InputEn: 0| OutputEn: 1| OpenDrain: 0| Pullup: 0| Pulldown: 0| Intr:0 [0m
INFO: T#31109000000: Connection closed by peer
ESP-ROM:esp32s3-20210327
Build:Mar 27 2021
rst:0x1 (POWERON),boot:0x8 (SPI_FAST_FLASH_BOOT)
SPIWP:0xee
mode:DIO, clock div:1
load:0x3fce3818,len:0x1784
load:0x403c9700,len:0x4
load:0x403c9704,len:0xc50
load:0x403cc700,len:0x2eb0
entry 0x403c9918
[0;32mI (22) HOOK: This hook is called BEFORE bootloader initialization[0m
[0;32mI (33) boot: ESP-IDF v5.1.1-dirty 2nd stage bootloader[0m
[0;32mI (34) boot: compile time Dec  4 2023 19:24:27[0m
[0;32mI (34) boot: Multicore bootloader[0m
[0;32mI (37) boot: chip revision: v0.1[0m
[0;32mI (41) boot.esp32s3: Boot SPI Speed : 80MHz[0m
[0;32mI (46) boot.esp32s3: SPI Mode       : DIO[0m
[0;32mI (51) boot.esp32s3: SPI Flash Size : 8MB[0m
[0;32mI (55) boot: Enabling RNG early entropy source...[0m
[0;32mI (61) HOOK: This hook is called AFTER bootloader initialization[0m
[0;32mI (67) boot: Partition Table:[0m
[0;32mI (71) boot: ## Label            Usage          Type ST Offset   Length[0m
[0;32mI (78) boot:  0 nvs              WiFi data        01 02 00009000 00006000[0m
[0;32mI (86) boot:  1 phy_init         RF data          01 01 0000f000 00001000[0m
[0;32mI (93) boot:  2 factory          factory app      00 00 00010000 00400000[0m
[0;32mI (101) boot:  3 storage          Unknown data     01 82 00410000 000f0000[0m
[0;32mI (108) boot: End of partition table[0m
[0;32mI (113) esp_image: segment 0: paddr=00010020 vaddr=3c100020 size=4550ch (283916) map[0m
[0;32mI (172) esp_image: segment 1: paddr=00055534 vaddr=3fc9b800 size=048d4h ( 18644) load[0m
[0;32mI (176) esp_image: segment 2: paddr=00059e10 vaddr=40374000 size=06208h ( 25096) load[0m
[0;32mI (183) esp_image: segment 3: paddr=00060020 vaddr=42000020 size=fd0d8h (1036504) map[0m
[0;32mI (372) esp_image: segment 4: paddr=0015d100 vaddr=4037a208 size=115c8h ( 71112) load[0m
[0;32mI (398) boot: Loaded app from partition at offset 0x10000[0m
[0;32mI (398) boot: Disabling RNG early entropy source...[0m
[0;32mI (409) cpu_start: Multicore app[0m
[0;32mI (410) octal_psram: vendor id    : 0x0d (AP)[0m
[0;32mI (410) octal_psram: dev id       : 0x02 (generation 3)[0m
[0;32mI (413) octal_psram: density      : 0x03 (64 Mbit)[0m
[0;32mI (418) octal_psram: good-die     : 0x01 (Pass)[0m
[0;32mI (424) octal_psram: Latency      : 0x01 (Fixed)[0m
[0;32mI (429) octal_psram: VCC          : 0x01 (3V)[0m
[0;32mI (434) octal_psram: SRF          : 0x01 (Fast Refresh)[0m
[0;32mI (440) octal_psram: BurstType    : 0x01 (Hybrid Wrap)[0m
[0;32mI (446) octal_psram: BurstLen     : 0x01 (32 Byte)[0m
[0;32mI (451) octal_psram: Readlatency  : 0x02 (10 cycles@Fixed)[0m
[0;32mI (457) octal_psram: DriveStrength: 0x00 (1/1)[0m
[0;32mI (463) MSPI Timing: PSRAM timing tuning index: 4[0m
[0;32mI (468) esp_psram: Found 8MB PSRAM device[0m
[0;32mI (473) esp_psram: Speed: 80MHz[0m
[0;32mI (477) cpu_start: Pro cpu up.[0m
[0;32mI (480) cpu_start: Starting app cpu, entry point is 0x4037590c[0m
[0;32mI (0) cpu_start: App cpu up.[0m
[0;32mI (932) esp_psram: SPI SRAM memory test OK[0m
[0;32mI (942) cpu_start: Pro cpu start user code[0m
[0;32mI (942) cpu_start: cpu freq: 240000000 Hz[0m
[0;32mI (942) cpu_start: Application information:[0m
[0;32mI (945) cpu_start: Project name:     Application[0m
[0;32mI (950) cpu_start: App version:      1[0m
[0;32mI (955) cpu_start: Compile time:     Dec 13 2023 22:25:28[0m
[0;32mI (961) cpu_start: ELF file SHA256:  43fceea2e63e8795...[0m
[0;32mI (967) cpu_start: ESP-IDF:          v5.1.1-dirty[0m
[0;32mI (972) cpu_start: Min chip rev:     v0.0[0m
[0;32mI (977) cpu_start: Max chip rev:     v0.99 [0m
[0;32mI (982) cpu_start: Chip rev:         v0.1[0m
[0;32mI (986) heap_init: Initializing. RAM available for dynamic allocation:[0m
[0;32mI (994) heap_init: At 3FCA5CE8 len 00043A28 (270 KiB): DRAM[0m
[0;32mI (1000) heap_init: At 3FCE9710 len 00005724 (21 KiB): STACK/DRAM[0m
[0;32mI (1006) heap_init: At 3FCF0000 len 00008000 (32 KiB): DRAM[0m
[0;32mI (1013) heap_init: At 600FE010 len 00001FD8 (7 KiB): RTCRAM[0m
[0;32mI (1019) esp_psram: Adding pool of 8192K of PSRAM memory to heap allocator[0m
[0;32mI (1027) spi_flash: detected chip: gd[0m
[0;32mI (1031) spi_flash: flash io: dio[0m
[0;33mW (1035) spi_flash: Detected size(16384k) larger than the size in the binary image header(8192k). Using the size in the binary image header.[0m
[0;32mI (1050) sleep: Configure to isolate all GPIO pins in sleep state[0m
[0;32mI (1055) sleep: Enable automatic switching of GPIO sleep configuration[0m
[0;32mI (1062) app_start: Starting scheduler on CPU0[0m
[0;32mI (1067) app_start: Starting scheduler on CPU1[0m
[0;32mI (1067) main_task: Started on CPU0[0m
[0;32mI (1077) esp_psram: Reserving pool of 32K of internal memory for DMA/internal allocations[0m
[0;32mI (1085) main_task: Calling app_main()[0m
sample without isobus!
This is esp32s3 chip with 2 CPU core(s), WiFi/BLE, silicon revision v0.1, 8MB external flash
Minimum free heap size: 8666980 bytes
CONFIG_FREERTOS_HZ: 1000 must be 1000 !!!! (200Hz at least for 5ms )
app_main starting 
[0;32mI (1125) wifi softAP: ESP_WIFI_MODE_AP[0m
[0;32mI (1127) pp: pp rom version: e7ae62f[0m
[0;32mI (1127) net80211: net80211 rom version: e7ae62f[0m
I (1129) wifi:wifi driver task: 3fcb8318, prio:23, stack:3584, core=0
I (1140) wifi:wifi firmware version: ce9244d
I (1141) wifi:wifi certification version: v7.0
I (1142) wifi:config NVS flash: enabled
I (1146) wifi:config nano formating: disabled
I (1150) wifi:Init data frame dynamic rx buffer num: 32
I (1155) wifi:Init management frame dynamic rx buffer num: 32
I (1160) wifi:Init management short buffer num: 32
I (1165) wifi:Init static tx buffer num: 16
I (1169) wifi:Init tx cache buffer num: 32
I (1173) wifi:Init static tx FG buffer num: 2
I (1177) wifi:Init static rx buffer size: 1600
I (1181) wifi:Init static rx buffer num: 10
I (1185) wifi:Init dynamic rx buffer num: 32
[0;32mI (1189) wifi_init: rx ba win: 6[0m
[0;32mI (1193) wifi_init: tcpip mbox: 32[0m
[0;32mI (1197) wifi_init: udp mbox: 6[0m
[0;32mI (1200) wifi_init: tcp mbox: 6[0m
[0;32mI (1204) wifi_init: tcp tx win: 5744[0m
[0;32mI (1209) wifi_init: tcp rx win: 5744[0m
[0;32mI (1213) wifi_init: tcp mss: 1440[0m
[0;32mI (1217) wifi_init: WiFi IRAM OP enabled[0m
[0;32mI (1221) wifi_init: WiFi RX IRAM OP enabled[0m
[0;32mI (1226) wifi_init: LWIP IRAM OP enabled[0m
[0;32mI (1235) phy_init: phy_version 601,98f2a71,Jun 29 2023,09:58:12[0m
I (1270) wifi:mode : softAP (34:85:18:99:fd:7d)
I (1273) wifi:Total power save buffer number: 8
I (1274) wifi:Init max length of beacon: 752/752
I (1274) wifi:Init max length of beacon: 752/752
[0;32mI (1277) wifi softAP: wifi_init_softap finished. SSID:ESP32_SmartHome password:*sm@rtH0m3* channel:1[0m
[0;32mI (1278) esp_netif_lwip: DHCP server started on interface WIFI_AP_DEF with IP: 192.168.4.1[0m
[0;32mI (1295) example_mount: Initializing SPIFFS[0m
[0;32mI (1357) example_mount: Partition size: total: 896321, used: 0[0m
[0;32mI (1357) file_server: Starting HTTP Server on port: '80'[0m
[0;32mI (1361) example: File server started[0m
[0;32mI (1364) MAIN: Executing forte...[0m
INFO: T#319000000: Using provided bootfile location set in CMake: /data/test_FORTE_PC.fboot
INFO: T#320000000: FORTE is up and running
[0;32mI (1388) MAIN: OK 0 , Could start forte
[0m
INFO: T#345000000: Boot file /data/test_FORTE_PC.fboot could not be opened. Skipping...
INFO: T#346000000: CBSDSocketInterface: Opening TCP-Server connection at: localhost:61499
I (2552) wifi:new:<1,1>, old:<1,1>, ap:<1,1>, sta:<255,255>, prof:1
I (2552) wifi:station: 5c:62:8b:67:aa:ca join, AID=1, bgn, 40U
[0;32mI (2567) wifi softAP: station 5c:62:8b:67:aa:ca join, AID=1[0m
forte_main done 
[0;32mI (3363) main_task: Returned from app_main()[0m
I (5606) wifi:<ba-add>idx:2 (ifx:1, 5c:62:8b:67:aa:ca), tid:0, ssn:35, winSize:64
[0;32mI (45553) esp_netif_lwip: DHCP server assigned IP to a client, IP is: 192.168.4.2[0m
[0;32mI (48438) esp_netif_lwip: DHCP server assigned IP to a client, IP is: 192.168.4.2[0m
INFO: T#93454000000: Connection established by client
[0;32mI (94631) gpio: GPIO[45]| InputEn: 1| OutputEn: 0| OpenDrain: 0| Pullup: 1| Pulldown: 0| Intr:0 [0m
[0;32mI (94632) gpio: GPIO[0]| InputEn: 0| OutputEn: 1| OpenDrain: 0| Pullup: 0| Pulldown: 0| Intr:0 [0m
INFO: T#93569000000: Connection closed by peer
INFO: T#93627000000: Connection established by client
INFO: T#154282000000: Connection closed by peer
INFO: T#154339000000: Connection established by client
[0;32mI (157453) gpio: GPIO[38]| InputEn: 1| OutputEn: 0| OpenDrain: 0| Pullup: 1| Pulldown: 0| Intr:0 [0m
[0;32mI (157454) gpio: GPIO[0]| InputEn: 0| OutputEn: 1| OpenDrain: 0| Pullup: 0| Pulldown: 0| Intr:0 [0m
INFO: T#156391000000: Connection closed by peer
INFO: T#156449000000: Connection established by client
INFO: T#315727000000: Connection closed by peer
INFO: T#315785000000: Connection established by client
[0;32mI (320382) gpio: GPIO[19]| InputEn: 1| OutputEn: 0| OpenDrain: 0| Pullup: 1| Pulldown: 0| Intr:0 [0m
[0;32mI (320383) gpio: GPIO[0]| InputEn: 0| OutputEn: 1| OpenDrain: 0| Pullup: 0| Pulldown: 0| Intr:0 [0m
INFO: T#319322000000: Connection closed by peer
INFO: T#319377000000: Connection established by client
INFO: T#333318000000: Connection closed by peer
INFO: T#333437000000: Connection established by client
INFO: T#333519000000: Connection closed by peer
INFO: T#333590000000: Connection established by client
INFO: T#354566000000: Connection closed by peer
INFO: T#354699000000: Connection established by client
INFO: T#354706000000: Connection closed by peer
INFO: T#354782000000: Connection established by client
INFO: T#446248000000: Connection closed by peer
INFO: T#446304000000: Connection established by client
[0�ESP-ROM:esp32s3-20210327
Build:Mar 27 2021
rst:0x1 (POWERON),boot:0x8 (SPI_FAST_FLASH_BOOT)
SPIWP:0xee
mode:DIO, clock div:1
load:0x3fce3818,len:0x1784
load:0x403c9700,len:0x4
load:0x403c9704,len:0xc50
load:0x403cc700,len:0x2eb0
entry 0x403c9918
[0;32mI (22) HOOK: This hook is called BEFORE bootloader initialization[0m
[0;32mI (33) boot: ESP-IDF v5.1.1-dirty 2nd stage bootloader[0m
[0;32mI (34) boot: compile time Dec  4 2023 19:24:27[0m
[0;32mI (34) boot: Multicore bootloader[0m
[0;32mI (37) boot: chip revision: v0.1[0m
[0;32mI (41) boot.esp32s3: Boot SPI Speed : 80MHz[0m
[0;32mI (46) boot.esp32s3: SPI Mode       : DIO[0m
[0;32mI (51) boot.esp32s3: SPI Flash Size : 8MB[0m
[0;32mI (55) boot: Enabling RNG early entropy source...[0m
[0;32mI (61) HOOK: This hook is called AFTER bootloader initialization[0m
[0;32mI (67) boot: Partition Table:[0m
[0;32mI (71) boot: ## Label            Usage          Type ST Offset   Length[0m
[0;32mI (78) boot:  0 nvs              WiFi data        01 02 00009000 00006000[0m
[0;32mI (86) boot:  1 phy_init         RF data          01 01 0000f000 00001000[0m
[0;32mI (93) boot:  2 factory          factory app      00 00 00010000 00400000[0m
[0;32mI (101) boot:  3 storage          Unknown data     01 82 00410000 000f0000[0m
[0;32mI (108) boot: End of partition table[0m
[0;32mI (113) esp_image: segment 0: paddr=00010020 vaddr=3c100020 size=4550ch (283916) map[0m
[0;32mI (172) esp_image: segment 1: paddr=00055534 vaddr=3fc9b800 size=048d4h ( 18644) load[0m
[0;32mI (176) esp_image: segment 2: paddr=00059e10 vaddr=40374000 size=06208h ( 25096) load[0m
[0;32mI (183) esp_image: segment 3: paddr=00060020 vaddr=42000020 size=fd0d8h (1036504) map[0m
[0;32mI (372) esp_image: segment 4: paddr=0015d100 vaddr=4037a208 size=115c8h ( 71112) load[0m
[0;32mI (398) boot: Loaded app from partition at offset 0x10000[0m
[0;32mI (398) boot: Disabling RNG early entropy source...[0m
[0;32mI (409) cpu_start: Multicore app[0m
[0;32mI (410) octal_psram: vendor id    : 0x0d (AP)[0m
[0;32mI (410) octal_psram: dev id       : 0x02 (generation 3)[0m
[0;32mI (413) octal_psram: density      : 0x03 (64 Mbit)[0m
[0;32mI (418) octal_psram: good-die     : 0x01 (Pass)[0m
[0;32mI (424) octal_psram: Latency      : 0x01 (Fixed)[0m
[0;32mI (429) octal_psram: VCC          : 0x01 (3V)[0m
[0;32mI (434) octal_psram: SRF          : 0x01 (Fast Refresh)[0m
[0;32mI (440) octal_psram: BurstType    : 0x01 (Hybrid Wrap)[0m
[0;32mI (446) octal_psram: BurstLen     : 0x01 (32 Byte)[0m
[0;32mI (451) octal_psram: Readlatency  : 0x02 (10 cycles@Fixed)[0m
[0;32mI (457) octal_psram: DriveStrength: 0x00 (1/1)[0m
[0;32mI (463) MSPI Timing: PSRAM timing tuning index: 5[0m
[0;32mI (468) esp_psram: Found 8MB PSRAM device[0m
[0;32mI (473) esp_psram: Speed: 80MHz[0m
[0;32mI (477) cpu_start: Pro cpu up.[0m
[0;32mI (480) cpu_start: Starting app cpu, entry point is 0x4037590c[0m
[0;32mI (0) cpu_start: App cpu up.[0m
[0;32mI (939) esp_psram: SPI SRAM memory test OK[0m
[0;32mI (948) cpu_start: Pro cpu start user code[0m
[0;32mI (948) cpu_start: cpu freq: 240000000 Hz[0m
[0;32mI (948) cpu_start: Application information:[0m
[0;32mI (951) cpu_start: Project name:     Application[0m
[0;32mI (957) cpu_start: App version:      1[0m
[0;32mI (961) cpu_start: Compile time:     Dec 13 2023 22:25:28[0m
[0;32mI (967) cpu_start: ELF file SHA256:  43fceea2e63e8795...[0m
[0;32mI (973) cpu_start: ESP-IDF:          v5.1.1-dirty[0m
[0;32mI (979) cpu_start: Min chip rev:     v0.0[0m
[0;32mI (983) cpu_start: Max chip rev:     v0.99 [0m
[0;32mI (988) cpu_start: Chip rev:         v0.1[0m
[0;32mI (993) heap_init: Initializing. RAM available for dynamic allocation:[0m
[0;32mI (1000) heap_init: At 3FCA5CE8 len 00043A28 (270 KiB): DRAM[0m
[0;32mI (1006) heap_init: At 3FCE9710 len 00005724 (21 KiB): STACK/DRAM[0m
[0;32mI (1013) heap_init: At 3FCF0000 len 00008000 (32 KiB): DRAM[0m
[0;32mI (1019) heap_init: At 600FE010 len 00001FD8 (7 KiB): RTCRAM[0m
[0;32mI (1026) esp_psram: Adding pool of 8192K of PSRAM memory to heap allocator[0m
[0;32mI (1034) spi_flash: detected chip: gd[0m
[0;32mI (1038) spi_flash: flash io: dio[0m
[0;33mW (1042) spi_flash: Detected size(16384k) larger than the size in the binary image header(8192k). Using the size in the binary image header.[0m
[0;32mI (1057) sleep: Configure to isolate all GPIO pins in sleep state[0m
[0;32mI (1062) sleep: Enable automatic switching of GPIO sleep configuration[0m
[0;32mI (1069) app_start: Starting scheduler on CPU0[0m
[0;32mI (1074) app_start: Starting scheduler on CPU1[0m
[0;32mI (1074) main_task: Started on CPU0[0m
[0;32mI (1084) esp_psram: Reserving pool of 32K of internal memory for DMA/internal allocations[0m
[0;32mI (1092) main_task: Calling app_main()[0m
sample without isobus!
This is esp32s3 chip with 2 CPU core(s), WiFi/BLE, silicon revision v0.1, 8MB external flash
Minimum free heap size: 8666980 bytes
CONFIG_FREERTOS